Archive member included to satisfy reference by file (symbol)

/usr/lib/gcc/arm-none-eabi/13.2.1/thumb/v7e-m/nofp/libgcc.a(_aeabi_uldivmod.o)
                              /workspaces/LoRaWan-E5-Node/Drivers/STM32WLxx_HAL_Driver/Src/stm32wlxx_hal_uart.o (__aeabi_uldivmod)
/usr/lib/gcc/arm-none-eabi/13.2.1/thumb/v7e-m/nofp/libgcc.a(_udivmoddi4.o)
                              /usr/lib/gcc/arm-none-eabi/13.2.1/thumb/v7e-m/nofp/libgcc.a(_aeabi_uldivmod.o) (__udivmoddi4)
/usr/lib/gcc/arm-none-eabi/13.2.1/thumb/v7e-m/nofp/libgcc.a(_dvmd_tls.o)
                              /usr/lib/gcc/arm-none-eabi/13.2.1/thumb/v7e-m/nofp/libgcc.a(_aeabi_uldivmod.o) (__aeabi_ldiv0)
/usr/lib/gcc/arm-none-eabi/13.2.1/../../../arm-none-eabi/lib/thumb/v7e-m/nofp/libc.a(libc_a-strlen.o)
                              Core/Src/main.o (strlen)
/usr/lib/gcc/arm-none-eabi/13.2.1/../../../arm-none-eabi/lib/thumb/v7e-m/nofp/libc.a(libc_a-memset.o)
                              /usr/lib/gcc/arm-none-eabi/13.2.1/../../../arm-none-eabi/lib/thumb/v7e-m/nofp/crt0.o (memset)
/usr/lib/gcc/arm-none-eabi/13.2.1/../../../arm-none-eabi/lib/thumb/v7e-m/nofp/libc.a(libc_a-init.o)
                              /usr/lib/gcc/arm-none-eabi/13.2.1/../../../arm-none-eabi/lib/thumb/v7e-m/nofp/crt0.o (__libc_init_array)
/usr/lib/gcc/arm-none-eabi/13.2.1/../../../arm-none-eabi/lib/thumb/v7e-m/nofp/libc.a(libc_a-exit.o)
                              /usr/lib/gcc/arm-none-eabi/13.2.1/../../../arm-none-eabi/lib/thumb/v7e-m/nofp/crt0.o (exit)
/usr/lib/gcc/arm-none-eabi/13.2.1/../../../arm-none-eabi/lib/thumb/v7e-m/nofp/libc.a(libc_a-atexit.o)
                              /usr/lib/gcc/arm-none-eabi/13.2.1/../../../arm-none-eabi/lib/thumb/v7e-m/nofp/crt0.o (atexit)
/usr/lib/gcc/arm-none-eabi/13.2.1/../../../arm-none-eabi/lib/thumb/v7e-m/nofp/libc.a(libc_a-fini.o)
                              /usr/lib/gcc/arm-none-eabi/13.2.1/../../../arm-none-eabi/lib/thumb/v7e-m/nofp/crt0.o (__libc_fini_array)
/usr/lib/gcc/arm-none-eabi/13.2.1/../../../arm-none-eabi/lib/thumb/v7e-m/nofp/libc.a(libc_a-__call_atexit.o)
                              /usr/lib/gcc/arm-none-eabi/13.2.1/../../../arm-none-eabi/lib/thumb/v7e-m/nofp/libc.a(libc_a-exit.o) (__call_exitprocs)
/usr/lib/gcc/arm-none-eabi/13.2.1/../../../arm-none-eabi/lib/thumb/v7e-m/nofp/libc.a(libc_a-__atexit.o)
                              /usr/lib/gcc/arm-none-eabi/13.2.1/../../../arm-none-eabi/lib/thumb/v7e-m/nofp/libc.a(libc_a-atexit.o) (__register_exitproc)
/usr/lib/gcc/arm-none-eabi/13.2.1/../../../arm-none-eabi/lib/thumb/v7e-m/nofp/libc.a(libc_a-findfp.o)
                              /usr/lib/gcc/arm-none-eabi/13.2.1/../../../arm-none-eabi/lib/thumb/v7e-m/nofp/libc.a(libc_a-exit.o) (__stdio_exit_handler)
/usr/lib/gcc/arm-none-eabi/13.2.1/../../../arm-none-eabi/lib/thumb/v7e-m/nofp/libc.a(libc_a-fwalk.o)
                              /usr/lib/gcc/arm-none-eabi/13.2.1/../../../arm-none-eabi/lib/thumb/v7e-m/nofp/libc.a(libc_a-findfp.o) (_fwalk_sglue)
/usr/lib/gcc/arm-none-eabi/13.2.1/../../../arm-none-eabi/lib/thumb/v7e-m/nofp/libc.a(libc_a-impure.o)
                              /usr/lib/gcc/arm-none-eabi/13.2.1/../../../arm-none-eabi/lib/thumb/v7e-m/nofp/libc.a(libc_a-findfp.o) (_impure_data)
/usr/lib/gcc/arm-none-eabi/13.2.1/../../../arm-none-eabi/lib/thumb/v7e-m/nofp/libc.a(libc_a-mallocr.o)
                              /usr/lib/gcc/arm-none-eabi/13.2.1/../../../arm-none-eabi/lib/thumb/v7e-m/nofp/libc.a(libc_a-findfp.o) (_malloc_r)
/usr/lib/gcc/arm-none-eabi/13.2.1/../../../arm-none-eabi/lib/thumb/v7e-m/nofp/libc.a(libc_a-freer.o)
                              /usr/lib/gcc/arm-none-eabi/13.2.1/../../../arm-none-eabi/lib/thumb/v7e-m/nofp/libc.a(libc_a-mallocr.o) (_free_r)
/usr/lib/gcc/arm-none-eabi/13.2.1/../../../arm-none-eabi/lib/thumb/v7e-m/nofp/libc.a(libc_a-fclose.o)
                              /usr/lib/gcc/arm-none-eabi/13.2.1/../../../arm-none-eabi/lib/thumb/v7e-m/nofp/libc.a(libc_a-findfp.o) (_fclose_r)
/usr/lib/gcc/arm-none-eabi/13.2.1/../../../arm-none-eabi/lib/thumb/v7e-m/nofp/libc.a(libc_a-sysconf.o)
                              /usr/lib/gcc/arm-none-eabi/13.2.1/../../../arm-none-eabi/lib/thumb/v7e-m/nofp/libc.a(libc_a-mallocr.o) (sysconf)
/usr/lib/gcc/arm-none-eabi/13.2.1/../../../arm-none-eabi/lib/thumb/v7e-m/nofp/libc.a(libc_a-stdio.o)
                              /usr/lib/gcc/arm-none-eabi/13.2.1/../../../arm-none-eabi/lib/thumb/v7e-m/nofp/libc.a(libc_a-findfp.o) (__sread)
/usr/lib/gcc/arm-none-eabi/13.2.1/../../../arm-none-eabi/lib/thumb/v7e-m/nofp/libc.a(libc_a-writer.o)
                              /usr/lib/gcc/arm-none-eabi/13.2.1/../../../arm-none-eabi/lib/thumb/v7e-m/nofp/libc.a(libc_a-stdio.o) (_write_r)
/usr/lib/gcc/arm-none-eabi/13.2.1/../../../arm-none-eabi/lib/thumb/v7e-m/nofp/libc.a(libc_a-mlock.o)
                              /usr/lib/gcc/arm-none-eabi/13.2.1/../../../arm-none-eabi/lib/thumb/v7e-m/nofp/libc.a(libc_a-mallocr.o) (__malloc_lock)
[...]
Memory Configuration

Name             Origin             Length             Attributes
RAM1             0x20000000         0x00008000         xrw
RAM2             0x20008000         0x00008000         xrw
FLASH            0x08000000         0x00040000         xr
*default*        0x00000000         0xffffffff

Linker script and memory map

LOAD /usr/lib/gcc/arm-none-eabi/13.2.1/thumb/v7e-m/nofp/crti.o
LOAD /usr/lib/gcc/arm-none-eabi/13.2.1/thumb/v7e-m/nofp/crtbegin.o
LOAD /usr/lib/gcc/arm-none-eabi/13.2.1/../../../arm-none-eabi/lib/thumb/v7e-m/nofp/crt0.o
LOAD Core/Src/main.o
LOAD Core/Src/system_stm32wlxx.o
LOAD Core/Src/stm32wlxx_hal_msp.o
LOAD /workspaces/LoRaWan-E5-Node/Drivers/STM32WLxx_HAL_Driver/Src/stm32wlxx_hal.o
LOAD /workspaces/LoRaWan-E5-Node/Drivers/STM32WLxx_HAL_Driver/Src/stm32wlxx_hal_rcc.o
LOAD /workspaces/LoRaWan-E5-Node/Drivers/STM32WLxx_HAL_Driver/Src/stm32wlxx_hal_rcc_ex.o
LOAD /workspaces/LoRaWan-E5-Node/Drivers/STM32WLxx_HAL_Driver/Src/stm32wlxx_hal_flash.o
LOAD /workspaces/LoRaWan-E5-Node/Drivers/STM32WLxx_HAL_Driver/Src/stm32wlxx_hal_flash_ex.o
LOAD /workspaces/LoRaWan-E5-Node/Drivers/STM32WLxx_HAL_Driver/Src/stm32wlxx_hal_gpio.o
LOAD /workspaces/LoRaWan-E5-Node/Drivers/STM32WLxx_HAL_Driver/Src/stm32wlxx_hal_dma.o
LOAD /workspaces/LoRaWan-E5-Node/Drivers/STM32WLxx_HAL_Driver/Src/stm32wlxx_hal_dma_ex.o
LOAD /workspaces/LoRaWan-E5-Node/Drivers/STM32WLxx_HAL_Driver/Src/stm32wlxx_hal_pwr.o
LOAD /workspaces/LoRaWan-E5-Node/Drivers/STM32WLxx_HAL_Driver/Src/stm32wlxx_hal_pwr_ex.o
LOAD /workspaces/LoRaWan-E5-Node/Drivers/STM32WLxx_HAL_Driver/Src/stm32wlxx_hal_cortex.o
LOAD /workspaces/LoRaWan-E5-Node/Drivers/STM32WLxx_HAL_Driver/Src/stm32wlxx_hal_exti.o
LOAD /workspaces/LoRaWan-E5-Node/Drivers/STM32WLxx_HAL_Driver/Src/stm32wlxx_hal_tim.o
LOAD /workspaces/LoRaWan-E5-Node/Drivers/STM32WLxx_HAL_Driver/Src/stm32wlxx_hal_tim_ex.o
LOAD /workspaces/LoRaWan-E5-Node/Drivers/STM32WLxx_HAL_Driver/Src/stm32wlxx_hal_uart.o
LOAD /workspaces/LoRaWan-E5-Node/Drivers/STM32WLxx_HAL_Driver/Src/stm32wlxx_hal_uart_ex.o
LOAD /workspaces/LoRaWan-E5-Node/Drivers/STM32WLxx_HAL_Driver/Src/stm32wlxx_hal_rtc.o
LOAD /workspaces/LoRaWan-E5-Node/Drivers/STM32WLxx_HAL_Driver/Src/stm32wlxx_hal_rtc_ex.o
LOAD /workspaces/LoRaWan-E5-Node/Drivers/STM32WLxx_HAL_Driver/Src/stm32wlxx_hal_adc.o
LOAD /workspaces/LoRaWan-E5-Node/Drivers/STM32WLxx_HAL_Driver/Src/stm32wlxx_hal_adc_ex.o
LOAD /workspaces/LoRaWan-E5-Node/Drivers/STM32WLxx_HAL_Driver/Src/stm32wlxx_hal_subghz.o
LOAD startup_stm32wle5jcix.o
START GROUP
LOAD /usr/lib/gcc/arm-none-eabi/13.2.1/thumb/v7e-m/nofp/libgcc.a
LOAD /usr/lib/gcc/arm-none-eabi/13.2.1/../../../arm-none-eabi/lib/thumb/v7e-m/nofp/libc.a
END GROUP
LOAD /usr/lib/gcc/arm-none-eabi/13.2.1/thumb/v7e-m/nofp/crtend.o
LOAD /usr/lib/gcc/arm-none-eabi/13.2.1/thumb/v7e-m/nofp/crtn.o
                0x20008000                        _estack = (ORIGIN (RAM1) + LENGTH (RAM1))
                0x00000200                        _Min_Heap_Size = 0x200
                0x00000400                        _Min_Stack_Size = 0x400

.isr_vector     0x08000000      0x138
                0x08000000                        . = ALIGN (0x4)
 *(.isr_vector)
 .isr_vector    0x08000000      0x138 startup_stm32wle5jcix.o
                0x08000000                g_pfnVectors
                0x08000138                        . = ALIGN (0x4)

.text           0x08000140     0x2ab4
                0x08000140                        . = ALIGN (0x4)
 *(.text)
 .text          0x08000140       0x88 /usr/lib/gcc/arm-none-eabi/13.2.1/thumb/v7e-m/nofp/crtbegin.o
 .text          0x080001c8       0x30 /usr/lib/gcc/arm-none-eabi/13.2.1/thumb/v7e-m/nofp/libgcc.a(_aeabi_uldivmod.o)
                0x080001c8                __aeabi_uldivmod
 .text          0x080001f8      0x2bc /usr/lib/gcc/arm-none-eabi/13.2.1/thumb/v7e-m/nofp/libgcc.a(_udivmoddi4.o)
                0x080001f8                __udivmoddi4
 .text          0x080004b4        0x4 /usr/lib/gcc/arm-none-eabi/13.2.1/thumb/v7e-m/nofp/libgcc.a(_dvmd_tls.o)
                0x080004b4                __aeabi_ldiv0
                0x080004b4                __aeabi_idiv0
 *fill*         0x080004b8        0x8 
 .text          0x080004c0       0xd8 /usr/lib/gcc/arm-none-eabi/13.2.1/../../../arm-none-eabi/lib/thumb/v7e-m/nofp/libc.a(libc_a-strlen.o)
                0x080004c0                strlen
 .text          0x08000598       0xa4 /usr/lib/gcc/arm-none-eabi/13.2.1/../../../arm-none-eabi/lib/thumb/v7e-m/nofp/libc.a(libc_a-memset.o)
                0x08000598                memset
 .text          0x0800063c       0x50 /usr/lib/gcc/arm-none-eabi/13.2.1/../../../arm-none-eabi/lib/thumb/v7e-m/nofp/libc.a(libc_a-init.o)
                0x0800063c                __libc_init_array
 .text          0x0800068c        0xc /usr/lib/gcc/arm-none-eabi/13.2.1/../../../arm-none-eabi/lib/thumb/v7e-m/nofp/libc.a(libc_a-atexit.o)
                0x0800068c                atexit
 .text          0x08000698       0x28 /usr/lib/gcc/arm-none-eabi/13.2.1/../../../arm-none-eabi/lib/thumb/v7e-m/nofp/libc.a(libc_a-fini.o)
                0x08000698                __libc_fini_array
 .text          0x080006c0       0x64 /usr/lib/gcc/arm-none-eabi/13.2.1/../../../arm-none-eabi/lib/thumb/v7e-m/nofp/libc.a(libc_a-__atexit.o)
                0x080006c0                __register_exitproc
 *(.text*)
 .text.LL_RCC_LSE_SetDriveCapability
                0x08000724       0x2a Core/Src/main.o
 *fill*         0x0800074e        0x2 
 .text.main     0x08000750       0x50 Core/Src/main.o
                0x08000750                main
 .text.SystemClock_Config
                0x080007a0       0xb4 Core/Src/main.o
                0x080007a0                SystemClock_Config
 .text.MX_USART1_UART_Init
                0x08000854       0x64 Core/Src/main.o
                0x08000854                MX_USART1_UART_Init
 .text.Error_Handler
                0x080008b8        0xc Core/Src/main.o
                0x080008b8                Error_Handler
 .text.SystemInit
                0x080008c4        0xc Core/Src/system_stm32wlxx.o
                0x080008c4                SystemInit
 .text.LL_AHB2_GRP1_EnableClock
                0x080008d0       0x30 Core/Src/stm32wlxx_hal_msp.o
 .text.LL_APB2_GRP1_EnableClock
                0x08000900       0x30 Core/Src/stm32wlxx_hal_msp.o
 .text.HAL_MspInit
                0x08000930        0xc Core/Src/stm32wlxx_hal_msp.o
                0x08000930                HAL_MspInit
 .text.HAL_UART_MspInit
                0x0800093c       0x60 Core/Src/stm32wlxx_hal_msp.o
                0x0800093c                HAL_UART_MspInit
 .text.HAL_Init
                0x0800099c       0x40 /workspaces/LoRaWan-E5-Node/Drivers/STM32WLxx_HAL_Driver/Src/stm32wlxx_hal.o
                0x0800099c                HAL_Init
 .text.HAL_InitTick
                0x080009dc       0x74 /workspaces/LoRaWan-E5-Node/Drivers/STM32WLxx_HAL_Driver/Src/stm32wlxx_hal.o
                0x080009dc                HAL_InitTick
 .text.HAL_GetTick
                0x08000a50       0x14 /workspaces/LoRaWan-E5-Node/Drivers/STM32WLxx_HAL_Driver/Src/stm32wlxx_hal.o
                0x08000a50                HAL_GetTick
 .text.HAL_Delay
                0x08000a64       0x48 /workspaces/LoRaWan-E5-Node/Drivers/STM32WLxx_HAL_Driver/Src/stm32wlxx_hal.o
                0x08000a64                HAL_Delay
 .text.LL_PWR_IsEnabledBkUpAccess
                0x08000aac       0x24 /workspaces/LoRaWan-E5-Node/Drivers/STM32WLxx_HAL_Driver/Src/stm32wlxx_hal_rcc.o
 .text.LL_RCC_HSE_EnableTcxo
                0x08000ad0       0x1c /workspaces/LoRaWan-E5-Node/Drivers/STM32WLxx_HAL_Driver/Src/stm32wlxx_hal_rcc.o
 .text.LL_RCC_HSE_DisableTcxo
                0x08000aec       0x1c /workspaces/LoRaWan-E5-Node/Drivers/STM32WLxx_HAL_Driver/Src/stm32wlxx_hal_rcc.o
 .text.LL_RCC_HSE_IsEnabledDiv2
                0x08000b08       0x22 /workspaces/LoRaWan-E5-Node/Drivers/STM32WLxx_HAL_Driver/Src/stm32wlxx_hal_rcc.o
 .text.LL_RCC_HSE_Enable
                0x08000b2a       0x1c /workspaces/LoRaWan-E5-Node/Drivers/STM32WLxx_HAL_Driver/Src/stm32wlxx_hal_rcc.o
 .text.LL_RCC_HSE_Disable
                0x08000b46       0x1c /workspaces/LoRaWan-E5-Node/Drivers/STM32WLxx_HAL_Driver/Src/stm32wlxx_hal_rcc.o
 .text.LL_RCC_HSE_IsReady
                0x08000b62       0x22 /workspaces/LoRaWan-E5-Node/Drivers/STM32WLxx_HAL_Driver/Src/stm32wlxx_hal_rcc.o
 .text.LL_RCC_HSI_Enable
                0x08000b84       0x1c /workspaces/LoRaWan-E5-Node/Drivers/STM32WLxx_HAL_Driver/Src/stm32wlxx_hal_rcc.o
 .text.LL_RCC_HSI_Disable
                0x08000ba0       0x1c /workspaces/LoRaWan-E5-Node/Drivers/STM32WLxx_HAL_Driver/Src/stm32wlxx_hal_rcc.o
 .text.LL_RCC_HSI_IsReady
                0x08000bbc       0x22 /workspaces/LoRaWan-E5-Node/Drivers/STM32WLxx_HAL_Driver/Src/stm32wlxx_hal_rcc.o
 .text.LL_RCC_HSI_SetCalibTrimming
                0x08000bde       0x28 /workspaces/LoRaWan-E5-Node/Drivers/STM32WLxx_HAL_Driver/Src/stm32wlxx_hal_rcc.o
 .text.LL_RCC_LSE_IsReady
                0x08000c06       0x22 /workspaces/LoRaWan-E5-Node/Drivers/STM32WLxx_HAL_Driver/Src/stm32wlxx_hal_rcc.o
 .text.LL_RCC_LSI_Enable
                0x08000c28       0x20 /workspaces/LoRaWan-E5-Node/Drivers/STM32WLxx_HAL_Driver/Src/stm32wlxx_hal_rcc.o
 .text.LL_RCC_LSI_Disable
                0x08000c48       0x20 /workspaces/LoRaWan-E5-Node/Drivers/STM32WLxx_HAL_Driver/Src/stm32wlxx_hal_rcc.o
 .text.LL_RCC_LSI_IsReady
                0x08000c68       0x22 /workspaces/LoRaWan-E5-Node/Drivers/STM32WLxx_HAL_Driver/Src/stm32wlxx_hal_rcc.o
 .text.LL_RCC_MSI_Enable
                0x08000c8a       0x1c /workspaces/LoRaWan-E5-Node/Drivers/STM32WLxx_HAL_Driver/Src/stm32wlxx_hal_rcc.o
 .text.LL_RCC_MSI_Disable
                0x08000ca6       0x1c /workspaces/LoRaWan-E5-Node/Drivers/STM32WLxx_HAL_Driver/Src/stm32wlxx_hal_rcc.o
 .text.LL_RCC_MSI_IsReady
                0x08000cc2       0x20 /workspaces/LoRaWan-E5-Node/Drivers/STM32WLxx_HAL_Driver/Src/stm32wlxx_hal_rcc.o
 .text.LL_RCC_MSI_IsEnabledRangeSelect
                0x08000ce2       0x20 /workspaces/LoRaWan-E5-Node/Drivers/STM32WLxx_HAL_Driver/Src/stm32wlxx_hal_rcc.o
 .text.LL_RCC_MSI_GetRange
                0x08000d02       0x16 /workspaces/LoRaWan-E5-Node/Drivers/STM32WLxx_HAL_Driver/Src/stm32wlxx_hal_rcc.o
 .text.LL_RCC_MSI_GetRangeAfterStandby
                0x08000d18       0x18 /workspaces/LoRaWan-E5-Node/Drivers/STM32WLxx_HAL_Driver/Src/stm32wlxx_hal_rcc.o
 .text.LL_RCC_MSI_SetCalibTrimming
                0x08000d30       0x28 /workspaces/LoRaWan-E5-Node/Drivers/STM32WLxx_HAL_Driver/Src/stm32wlxx_hal_rcc.o
 .text.LL_RCC_SetSysClkSource
                0x08000d58       0x26 /workspaces/LoRaWan-E5-Node/Drivers/STM32WLxx_HAL_Driver/Src/stm32wlxx_hal_rcc.o
 .text.LL_RCC_GetSysClkSource
                0x08000d7e       0x16 /workspaces/LoRaWan-E5-Node/Drivers/STM32WLxx_HAL_Driver/Src/stm32wlxx_hal_rcc.o
 .text.LL_RCC_SetAHBPrescaler
                0x08000d94       0x26 /workspaces/LoRaWan-E5-Node/Drivers/STM32WLxx_HAL_Driver/Src/stm32wlxx_hal_rcc.o
 .text.LL_RCC_SetAHB3Prescaler
                0x08000dba       0x2c /workspaces/LoRaWan-E5-Node/Drivers/STM32WLxx_HAL_Driver/Src/stm32wlxx_hal_rcc.o
 .text.LL_RCC_SetAPB1Prescaler
                0x08000de6       0x26 /workspaces/LoRaWan-E5-Node/Drivers/STM32WLxx_HAL_Driver/Src/stm32wlxx_hal_rcc.o
 .text.LL_RCC_SetAPB2Prescaler
                0x08000e0c       0x26 /workspaces/LoRaWan-E5-Node/Drivers/STM32WLxx_HAL_Driver/Src/stm32wlxx_hal_rcc.o
 .text.LL_RCC_GetAHBPrescaler
                0x08000e32       0x16 /workspaces/LoRaWan-E5-Node/Drivers/STM32WLxx_HAL_Driver/Src/stm32wlxx_hal_rcc.o
 .text.LL_RCC_GetAHB3Prescaler
                0x08000e48       0x1a /workspaces/LoRaWan-E5-Node/Drivers/STM32WLxx_HAL_Driver/Src/stm32wlxx_hal_rcc.o
 .text.LL_RCC_GetAPB1Prescaler
                0x08000e62       0x16 /workspaces/LoRaWan-E5-Node/Drivers/STM32WLxx_HAL_Driver/Src/stm32wlxx_hal_rcc.o
 .text.LL_RCC_GetAPB2Prescaler
                0x08000e78       0x16 /workspaces/LoRaWan-E5-Node/Drivers/STM32WLxx_HAL_Driver/Src/stm32wlxx_hal_rcc.o
 .text.LL_RCC_PLL_Enable
                0x08000e8e       0x1c /workspaces/LoRaWan-E5-Node/Drivers/STM32WLxx_HAL_Driver/Src/stm32wlxx_hal_rcc.o
 .text.LL_RCC_PLL_Disable
                0x08000eaa       0x1c /workspaces/LoRaWan-E5-Node/Drivers/STM32WLxx_HAL_Driver/Src/stm32wlxx_hal_rcc.o
 .text.LL_RCC_PLL_IsReady
                0x08000ec6       0x22 /workspaces/LoRaWan-E5-Node/Drivers/STM32WLxx_HAL_Driver/Src/stm32wlxx_hal_rcc.o
 .text.LL_RCC_PLL_GetN
                0x08000ee8       0x18 /workspaces/LoRaWan-E5-Node/Drivers/STM32WLxx_HAL_Driver/Src/stm32wlxx_hal_rcc.o
 .text.LL_RCC_PLL_GetR
                0x08000f00       0x16 /workspaces/LoRaWan-E5-Node/Drivers/STM32WLxx_HAL_Driver/Src/stm32wlxx_hal_rcc.o
 .text.LL_RCC_PLL_GetDivider
                0x08000f16       0x16 /workspaces/LoRaWan-E5-Node/Drivers/STM32WLxx_HAL_Driver/Src/stm32wlxx_hal_rcc.o
 .text.LL_RCC_PLL_GetMainSource
                0x08000f2c       0x16 /workspaces/LoRaWan-E5-Node/Drivers/STM32WLxx_HAL_Driver/Src/stm32wlxx_hal_rcc.o
 .text.LL_RCC_IsActiveFlag_HPRE
                0x08000f42       0x22 /workspaces/LoRaWan-E5-Node/Drivers/STM32WLxx_HAL_Driver/Src/stm32wlxx_hal_rcc.o
 .text.LL_RCC_IsActiveFlag_SHDHPRE
                0x08000f64       0x24 /workspaces/LoRaWan-E5-Node/Drivers/STM32WLxx_HAL_Driver/Src/stm32wlxx_hal_rcc.o
 .text.LL_RCC_IsActiveFlag_PPRE1
                0x08000f88       0x22 /workspaces/LoRaWan-E5-Node/Drivers/STM32WLxx_HAL_Driver/Src/stm32wlxx_hal_rcc.o
 .text.LL_RCC_IsActiveFlag_PPRE2
                0x08000faa       0x22 /workspaces/LoRaWan-E5-Node/Drivers/STM32WLxx_HAL_Driver/Src/stm32wlxx_hal_rcc.o
 .text.HAL_RCC_OscConfig
                0x08000fcc      0x738 /workspaces/LoRaWan-E5-Node/Drivers/STM32WLxx_HAL_Driver/Src/stm32wlxx_hal_rcc.o
                0x08000fcc                HAL_RCC_OscConfig
 .text.HAL_RCC_ClockConfig
                0x08001704      0x248 /workspaces/LoRaWan-E5-Node/Drivers/STM32WLxx_HAL_Driver/Src/stm32wlxx_hal_rcc.o
                0x08001704                HAL_RCC_ClockConfig
 .text.HAL_RCC_GetSysClockFreq
                0x0800194c      0x140 /workspaces/LoRaWan-E5-Node/Drivers/STM32WLxx_HAL_Driver/Src/stm32wlxx_hal_rcc.o
                0x0800194c                HAL_RCC_GetSysClockFreq
 .text.HAL_RCC_GetHCLKFreq
                0x08001a8c       0x28 /workspaces/LoRaWan-E5-Node/Drivers/STM32WLxx_HAL_Driver/Src/stm32wlxx_hal_rcc.o
                0x08001a8c                HAL_RCC_GetHCLKFreq
 .text.HAL_RCC_GetPCLK1Freq
                0x08001ab4       0x24 /workspaces/LoRaWan-E5-Node/Drivers/STM32WLxx_HAL_Driver/Src/stm32wlxx_hal_rcc.o
                0x08001ab4                HAL_RCC_GetPCLK1Freq
 .text.HAL_RCC_GetPCLK2Freq
                0x08001ad8       0x24 /workspaces/LoRaWan-E5-Node/Drivers/STM32WLxx_HAL_Driver/Src/stm32wlxx_hal_rcc.o
                0x08001ad8                HAL_RCC_GetPCLK2Freq
 .text.RCC_SetFlashLatencyFromMSIRange
                0x08001afc       0x60 /workspaces/LoRaWan-E5-Node/Drivers/STM32WLxx_HAL_Driver/Src/stm32wlxx_hal_rcc.o
 .text.RCC_SetFlashLatency
                0x08001b5c      0x104 /workspaces/LoRaWan-E5-Node/Drivers/STM32WLxx_HAL_Driver/Src/stm32wlxx_hal_rcc.o
 .text.HAL_GPIO_Init
                0x08001c60      0x2c0 /workspaces/LoRaWan-E5-Node/Drivers/STM32WLxx_HAL_Driver/Src/stm32wlxx_hal_gpio.o
                0x08001c60                HAL_GPIO_Init
 .text.HAL_PWR_EnableBkUpAccess
                0x08001f20       0x1c /workspaces/LoRaWan-E5-Node/Drivers/STM32WLxx_HAL_Driver/Src/stm32wlxx_hal_pwr.o
                0x08001f20                HAL_PWR_EnableBkUpAccess
 .text.HAL_PWREx_GetVoltageRange
                0x08001f3c       0x18 /workspaces/LoRaWan-E5-Node/Drivers/STM32WLxx_HAL_Driver/Src/stm32wlxx_hal_pwr_ex.o
                0x08001f3c                HAL_PWREx_GetVoltageRange
 .text.__NVIC_SetPriorityGrouping
                0x08001f54       0x48 /workspaces/LoRaWan-E5-Node/Drivers/STM32WLxx_HAL_Driver/Src/stm32wlxx_hal_cortex.o
 .text.__NVIC_GetPriorityGrouping
                0x08001f9c       0x1c /workspaces/LoRaWan-E5-Node/Drivers/STM32WLxx_HAL_Driver/Src/stm32wlxx_hal_cortex.o
 .text.__NVIC_SetPriority
                0x08001fb8       0x54 /workspaces/LoRaWan-E5-Node/Drivers/STM32WLxx_HAL_Driver/Src/stm32wlxx_hal_cortex.o
 .text.NVIC_EncodePriority
                0x0800200c       0x64 /workspaces/LoRaWan-E5-Node/Drivers/STM32WLxx_HAL_Driver/Src/stm32wlxx_hal_cortex.o
 .text.SysTick_Config
                0x08002070       0x44 /workspaces/LoRaWan-E5-Node/Drivers/STM32WLxx_HAL_Driver/Src/stm32wlxx_hal_cortex.o
 .text.HAL_NVIC_SetPriorityGrouping
                0x080020b4       0x16 /workspaces/LoRaWan-E5-Node/Drivers/STM32WLxx_HAL_Driver/Src/stm32wlxx_hal_cortex.o
                0x080020b4                HAL_NVIC_SetPriorityGrouping
 .text.HAL_NVIC_SetPriority
                0x080020ca       0x34 /workspaces/LoRaWan-E5-Node/Drivers/STM32WLxx_HAL_Driver/Src/stm32wlxx_hal_cortex.o
                0x080020ca                HAL_NVIC_SetPriority
 .text.HAL_SYSTICK_Config
                0x080020fe       0x18 /workspaces/LoRaWan-E5-Node/Drivers/STM32WLxx_HAL_Driver/Src/stm32wlxx_hal_cortex.o
                0x080020fe                HAL_SYSTICK_Config
 .text.LL_RCC_GetUSARTClockSource
                0x08002116       0x24 /workspaces/LoRaWan-E5-Node/Drivers/STM32WLxx_HAL_Driver/Src/stm32wlxx_hal_uart.o
 .text.LL_RCC_GetLPUARTClockSource
                0x0800213a       0x1e /workspaces/LoRaWan-E5-Node/Drivers/STM32WLxx_HAL_Driver/Src/stm32wlxx_hal_uart.o
 .text.HAL_UART_Init
                0x08002158       0xa0 /workspaces/LoRaWan-E5-Node/Drivers/STM32WLxx_HAL_Driver/Src/stm32wlxx_hal_uart.o
                0x08002158                HAL_UART_Init
 .text.HAL_UART_Transmit
                0x080021f8      0x12c /workspaces/LoRaWan-E5-Node/Drivers/STM32WLxx_HAL_Driver/Src/stm32wlxx_hal_uart.o
                0x080021f8                HAL_UART_Transmit
 .text.UART_SetConfig
                0x08002324      0x4e8 /workspaces/LoRaWan-E5-Node/Drivers/STM32WLxx_HAL_Driver/Src/stm32wlxx_hal_uart.o
                0x08002324                UART_SetConfig
 .text.UART_AdvFeatureConfig
                0x0800280c      0x142 /workspaces/LoRaWan-E5-Node/Drivers/STM32WLxx_HAL_Driver/Src/stm32wlxx_hal_uart.o
                0x0800280c                UART_AdvFeatureConfig
 .text.UART_CheckIdleState
                0x0800294e       0x96 /workspaces/LoRaWan-E5-Node/Drivers/STM32WLxx_HAL_Driver/Src/stm32wlxx_hal_uart.o
                0x0800294e                UART_CheckIdleState
 .text.UART_WaitOnFlagUntilTimeout
                0x080029e4      0x190 /workspaces/LoRaWan-E5-Node/Drivers/STM32WLxx_HAL_Driver/Src/stm32wlxx_hal_uart.o
                0x080029e4                UART_WaitOnFlagUntilTimeout
 .text.Reset_Handler
                0x08002b74       0x50 startup_stm32wle5jcix.o
                0x08002b74                Reset_Handler
 .text.Default_Handler
                0x08002bc4        0x2 startup_stm32wle5jcix.o
                0x08002bc4                RTC_Alarm_IRQHandler
                0x08002bc4                EXTI2_IRQHandler
                0x08002bc4                DebugMon_Handler
                0x08002bc4                TIM1_CC_IRQHandler
                0x08002bc4                HardFault_Handler
                0x08002bc4                SysTick_Handler
                0x08002bc4                PendSV_Handler
                0x08002bc4                NMI_Handler
                0x08002bc4                EXTI3_IRQHandler
                0x08002bc4                LPTIM2_IRQHandler
                0x08002bc4                I2C3_ER_IRQHandler
                0x08002bc4                LPTIM3_IRQHandler
                0x08002bc4                EXTI0_IRQHandler
                0x08002bc4                I2C2_EV_IRQHandler
                0x08002bc4                UsageFault_Handler
                0x08002bc4                TAMP_STAMP_LSECSS_SSRU_IRQHandler
                0x08002bc4                SPI1_IRQHandler
                0x08002bc4                DMA2_Channel2_IRQHandler
                0x08002bc4                DMA1_Channel4_IRQHandler
                0x08002bc4                PKA_IRQHandler
                0x08002bc4                TIM17_IRQHandler
                0x08002bc4                DMA1_Channel7_IRQHandler
                0x08002bc4                SUBGHZSPI_IRQHandler
                0x08002bc4                DMA2_Channel1_IRQHandler
                0x08002bc4                I2C1_EV_IRQHandler
                0x08002bc4                SUBGHZ_Radio_IRQHandler
                0x08002bc4                DMAMUX1_OVR_IRQHandler
                0x08002bc4                DMA1_Channel6_IRQHandler
                0x08002bc4                TIM16_IRQHandler
                0x08002bc4                DMA2_Channel4_IRQHandler
                0x08002bc4                RCC_IRQHandler
                0x08002bc4                TIM1_TRG_COM_IRQHandler
                0x08002bc4                DMA1_Channel1_IRQHandler
                0x08002bc4                Default_Handler
                0x08002bc4                DMA2_Channel7_IRQHandler
                0x08002bc4                EXTI15_10_IRQHandler
                0x08002bc4                ADC_IRQHandler
                0x08002bc4                I2C3_EV_IRQHandler
                0x08002bc4                EXTI9_5_IRQHandler
                0x08002bc4                RTC_WKUP_IRQHandler
                0x08002bc4                PVD_PVM_IRQHandler
                0x08002bc4                SPI2_IRQHandler
                0x08002bc4                MemManage_Handler
                0x08002bc4                SVC_Handler
                0x08002bc4                DMA2_Channel5_IRQHandler
                0x08002bc4                DMA1_Channel5_IRQHandler
                0x08002bc4                EXTI4_IRQHandler
                0x08002bc4                RNG_IRQHandler
                0x08002bc4                DMA1_Channel3_IRQHandler
                0x08002bc4                COMP_IRQHandler
                0x08002bc4                HSEM_IRQHandler
                0x08002bc4                TIM1_UP_IRQHandler
                0x08002bc4                WWDG_IRQHandler
                0x08002bc4                LPUART1_IRQHandler
                0x08002bc4                DMA2_Channel6_IRQHandler
                0x08002bc4                TIM2_IRQHandler
                0x08002bc4                TIM1_BRK_IRQHandler
                0x08002bc4                DAC_IRQHandler
                0x08002bc4                EXTI1_IRQHandler
                0x08002bc4                AES_IRQHandler
                0x08002bc4                USART2_IRQHandler
                0x08002bc4                I2C2_ER_IRQHandler
                0x08002bc4                DMA1_Channel2_IRQHandler
                0x08002bc4                FLASH_IRQHandler
                0x08002bc4                BusFault_Handler
                0x08002bc4                USART1_IRQHandler
                0x08002bc4                I2C1_ER_IRQHandler
                0x08002bc4                LPTIM1_IRQHandler
                0x08002bc4                DMA2_Channel3_IRQHandler
 *fill*         0x08002bc6        0x2 
 .text.startup  0x08002bc8       0x14 /usr/lib/gcc/arm-none-eabi/13.2.1/../../../arm-none-eabi/lib/thumb/v7e-m/nofp/libc.a(libc_a-__call_atexit.o)
 *(.glue_7)
 .glue_7        0x08002bdc        0x0 linker stubs
 *(.glue_7t)
 .glue_7t       0x08002bdc        0x0 linker stubs
 *(.eh_frame)
 .eh_frame      0x08002bdc        0x0 /usr/lib/gcc/arm-none-eabi/13.2.1/thumb/v7e-m/nofp/crtbegin.o
 *(.init)
 .init          0x08002bdc        0x4 /usr/lib/gcc/arm-none-eabi/13.2.1/thumb/v7e-m/nofp/crti.o
                0x08002bdc                _init
 .init          0x08002be0        0x8 /usr/lib/gcc/arm-none-eabi/13.2.1/thumb/v7e-m/nofp/crtn.o
 *(.fini)
 .fini          0x08002be8        0x4 /usr/lib/gcc/arm-none-eabi/13.2.1/thumb/v7e-m/nofp/crti.o
                0x08002be8                _fini
 .fini          0x08002bec        0x8 /usr/lib/gcc/arm-none-eabi/13.2.1/thumb/v7e-m/nofp/crtn.o
                0x08002bf4                        . = ALIGN (0x4)
                0x08002bf4                        _etext = .

.vfp11_veneer   0x08002bf4        0x0
 .vfp11_veneer  0x08002bf4        0x0 linker stubs

.v4_bx          0x08002bf4        0x0
 .v4_bx         0x08002bf4        0x0 linker stubs

.iplt           0x08002bf4        0x0
 .iplt          0x08002bf4        0x0 /usr/lib/gcc/arm-none-eabi/13.2.1/thumb/v7e-m/nofp/crtbegin.o

.rodata         0x08002bf4       0xec
                0x08002bf4                        . = ALIGN (0x4)
 *(.rodata)
 .rodata        0x08002bf4       0x18 Core/Src/main.o
 .rodata        0x08002c0c       0x1c /workspaces/LoRaWan-E5-Node/Drivers/STM32WLxx_HAL_Driver/Src/stm32wlxx_hal_rcc.o
 *(.rodata*)
 .rodata.AHBPrescTable
                0x08002c28       0x40 Core/Src/system_stm32wlxx.o
                0x08002c28                AHBPrescTable
 .rodata.APBPrescTable
                0x08002c68       0x20 Core/Src/system_stm32wlxx.o
                0x08002c68                APBPrescTable
 .rodata.MSIRangeTable
                0x08002c88       0x40 Core/Src/system_stm32wlxx.o
                0x08002c88                MSIRangeTable
 .rodata.UARTPrescTable
                0x08002cc8       0x18 /workspaces/LoRaWan-E5-Node/Drivers/STM32WLxx_HAL_Driver/Src/stm32wlxx_hal_uart.o
                0x08002cc8                UARTPrescTable
                0x08002ce0                        . = ALIGN (0x4)

.ARM.extab      0x08002ce0        0x0
                0x08002ce0                        . = ALIGN (0x4)
 *(.ARM.extab* .gnu.linkonce.armextab.*)
                0x08002ce0                        . = ALIGN (0x4)

.ARM            0x08002ce0        0x8
                0x08002ce0                        . = ALIGN (0x4)
                0x08002ce0                        __exidx_start = .
 *(.ARM.exidx*)
 .ARM.exidx     0x08002ce0        0x8 /usr/lib/gcc/arm-none-eabi/13.2.1/thumb/v7e-m/nofp/libgcc.a(_udivmoddi4.o)
 .ARM.exidx     0x08002ce8        0x0 /usr/lib/gcc/arm-none-eabi/13.2.1/../../../arm-none-eabi/lib/thumb/v7e-m/nofp/libc.a(libc_a-strlen.o)
                                  0x8 (size before relaxing)
                0x08002ce8                        __exidx_end = .
                0x08002ce8                        . = ALIGN (0x4)

.rel.dyn        0x08002ce8        0x0
 .rel.iplt      0x08002ce8        0x0 /usr/lib/gcc/arm-none-eabi/13.2.1/thumb/v7e-m/nofp/crtbegin.o

.preinit_array  0x08002ce8        0x0
                0x08002ce8                        . = ALIGN (0x4)
                0x08002ce8                        PROVIDE (__preinit_array_start = .)
 *(.preinit_array*)
                0x08002ce8                        PROVIDE (__preinit_array_end = .)
                0x08002ce8                        . = ALIGN (0x4)

.init_array     0x08002ce8        0x8
                0x08002ce8                        . = ALIGN (0x4)
                0x08002ce8                        PROVIDE (__init_array_start = .)
 *(SORT_BY_NAME(.init_array.*))
 .init_array.00000
                0x08002ce8        0x4 /usr/lib/gcc/arm-none-eabi/13.2.1/../../../arm-none-eabi/lib/thumb/v7e-m/nofp/libc.a(libc_a-__call_atexit.o)
 *(.init_array*)
 .init_array    0x08002cec        0x4 /usr/lib/gcc/arm-none-eabi/13.2.1/thumb/v7e-m/nofp/crtbegin.o
                0x08002cf0                        PROVIDE (__init_array_end = .)
                0x08002cf0                        . = ALIGN (0x4)

.fini_array     0x08002cf0        0x4
                0x08002cf0                        . = ALIGN (0x4)
                0x08002cf0                        PROVIDE (__fini_array_start = .)
 *(SORT_BY_NAME(.fini_array.*))
 *(.fini_array*)
 .fini_array    0x08002cf0        0x4 /usr/lib/gcc/arm-none-eabi/13.2.1/thumb/v7e-m/nofp/crtbegin.o
                0x08002cf4                        PROVIDE (__fini_array_end = .)
                0x08002cf4                        . = ALIGN (0x4)
                0x08002cf4                        _sidata = LOADADDR (.data)

.data           0x20000000        0xc load address 0x08002cf4
                0x20000000                        . = ALIGN (0x4)
                0x20000000                        _sdata = .
 *(.data)
 *(.data*)
 .data.SystemCoreClock
                0x20000000        0x4 Core/Src/system_stm32wlxx.o
                0x20000000                SystemCoreClock
 .data.uwTickPrio
                0x20000004        0x4 /workspaces/LoRaWan-E5-Node/Drivers/STM32WLxx_HAL_Driver/Src/stm32wlxx_hal.o
                0x20000004                uwTickPrio
 .data.uwTickFreq
                0x20000008        0x1 /workspaces/LoRaWan-E5-Node/Drivers/STM32WLxx_HAL_Driver/Src/stm32wlxx_hal.o
                0x20000008                uwTickFreq
 *(.RamFunc)
 *(.RamFunc*)
                0x2000000c                        . = ALIGN (0x4)
 *fill*         0x20000009        0x3 
                0x2000000c                        _edata = .

.tm_clone_table
                0x2000000c        0x0 load address 0x08002d00
 .tm_clone_table
                0x2000000c        0x0 /usr/lib/gcc/arm-none-eabi/13.2.1/thumb/v7e-m/nofp/crtbegin.o
 .tm_clone_table
                0x2000000c        0x0 /usr/lib/gcc/arm-none-eabi/13.2.1/thumb/v7e-m/nofp/crtend.o

.igot.plt       0x2000000c        0x0 load address 0x08002d00
 .igot.plt      0x2000000c        0x0 /usr/lib/gcc/arm-none-eabi/13.2.1/thumb/v7e-m/nofp/crtbegin.o
                0x2000000c                        . = ALIGN (0x4)

.bss            0x2000000c      0x244 load address 0x08002d00
                0x2000000c                        _sbss = .
                0x2000000c                        __bss_start__ = _sbss
 *(.bss)
 .bss           0x2000000c       0x1c /usr/lib/gcc/arm-none-eabi/13.2.1/thumb/v7e-m/nofp/crtbegin.o
 .bss           0x20000028        0x4 /usr/lib/gcc/arm-none-eabi/13.2.1/../../../arm-none-eabi/lib/thumb/v7e-m/nofp/libc.a(libc_a-__call_atexit.o)
                0x20000028                __atexit
 .bss           0x2000002c      0x190 /usr/lib/gcc/arm-none-eabi/13.2.1/../../../arm-none-eabi/lib/thumb/v7e-m/nofp/libc.a(libc_a-__atexit.o)
                0x2000002c                __atexit0
 *(.bss*)
 .bss.huart1    0x200001bc       0x90 Core/Src/main.o
                0x200001bc                huart1
 .bss.uwTick    0x2000024c        0x4 /workspaces/LoRaWan-E5-Node/Drivers/STM32WLxx_HAL_Driver/Src/stm32wlxx_hal.o
                0x2000024c                uwTick
 *(COMMON)
                0x20000250                        . = ALIGN (0x4)
                0x20000250                        _ebss = .
                0x20000250                        __bss_end__ = _ebss

._user_heap_stack
                0x20000250      0x600 load address 0x08002d00
                0x20000250                        . = ALIGN (0x8)
                [!provide]                        PROVIDE (end = .)
                [!provide]                        PROVIDE (_end = .)
                0x20000450                        . = (. + _Min_Heap_Size)
 *fill*         0x20000250      0x200 
                0x20000850                        . = (. + _Min_Stack_Size)
 *fill*         0x20000450      0x400 
                0x20000850                        . = ALIGN (0x8)

/DISCARD/
 libc.a(*)
 libm.a(*)
 libgcc.a(*)

.ARM.attributes
                0x00000000       0x2a
 *(.ARM.attributes)
 .ARM.attributes
                0x00000000       0x1e /usr/lib/gcc/arm-none-eabi/13.2.1/thumb/v7e-m/nofp/crti.o
 .ARM.attributes
                0x0000001e       0x2e /usr/lib/gcc/arm-none-eabi/13.2.1/thumb/v7e-m/nofp/crtbegin.o
 .ARM.attributes
                0x0000004c       0x2e Core/Src/main.o
 .ARM.attributes
                0x0000007a       0x2e Core/Src/system_stm32wlxx.o
 .ARM.attributes
                0x000000a8       0x2e Core/Src/stm32wlxx_hal_msp.o
 .ARM.attributes
                0x000000d6       0x2e /workspaces/LoRaWan-E5-Node/Drivers/STM32WLxx_HAL_Driver/Src/stm32wlxx_hal.o
 .ARM.attributes
                0x00000104       0x2e /workspaces/LoRaWan-E5-Node/Drivers/STM32WLxx_HAL_Driver/Src/stm32wlxx_hal_rcc.o
 .ARM.attributes
                0x00000132       0x2e /workspaces/LoRaWan-E5-Node/Drivers/STM32WLxx_HAL_Driver/Src/stm32wlxx_hal_gpio.o
 .ARM.attributes
                0x00000160       0x2e /workspaces/LoRaWan-E5-Node/Drivers/STM32WLxx_HAL_Driver/Src/stm32wlxx_hal_pwr.o
 .ARM.attributes
                0x0000018e       0x2e /workspaces/LoRaWan-E5-Node/Drivers/STM32WLxx_HAL_Driver/Src/stm32wlxx_hal_pwr_ex.o
 .ARM.attributes
                0x000001bc       0x2e /workspaces/LoRaWan-E5-Node/Drivers/STM32WLxx_HAL_Driver/Src/stm32wlxx_hal_cortex.o
 .ARM.attributes
                0x000001ea       0x2e /workspaces/LoRaWan-E5-Node/Drivers/STM32WLxx_HAL_Driver/Src/stm32wlxx_hal_uart.o
 .ARM.attributes
                0x00000218       0x21 startup_stm32wle5jcix.o
 .ARM.attributes
                0x00000239       0x1e /usr/lib/gcc/arm-none-eabi/13.2.1/thumb/v7e-m/nofp/libgcc.a(_aeabi_uldivmod.o)
 .ARM.attributes
                0x00000257       0x2e /usr/lib/gcc/arm-none-eabi/13.2.1/thumb/v7e-m/nofp/libgcc.a(_udivmoddi4.o)
 .ARM.attributes
                0x00000285       0x1e /usr/lib/gcc/arm-none-eabi/13.2.1/thumb/v7e-m/nofp/libgcc.a(_dvmd_tls.o)
 .ARM.attributes
                0x000002a3       0x1c /usr/lib/gcc/arm-none-eabi/13.2.1/../../../arm-none-eabi/lib/thumb/v7e-m/nofp/libc.a(libc_a-strlen.o)
 .ARM.attributes
                0x000002bf       0x2e /usr/lib/gcc/arm-none-eabi/13.2.1/../../../arm-none-eabi/lib/thumb/v7e-m/nofp/libc.a(libc_a-memset.o)
 .ARM.attributes
                0x000002ed       0x2e /usr/lib/gcc/arm-none-eabi/13.2.1/../../../arm-none-eabi/lib/thumb/v7e-m/nofp/libc.a(libc_a-init.o)
 .ARM.attributes
                0x0000031b       0x2e /usr/lib/gcc/arm-none-eabi/13.2.1/../../../arm-none-eabi/lib/thumb/v7e-m/nofp/libc.a(libc_a-atexit.o)
 .ARM.attributes
                0x00000349       0x2e /usr/lib/gcc/arm-none-eabi/13.2.1/../../../arm-none-eabi/lib/thumb/v7e-m/nofp/libc.a(libc_a-fini.o)
 .ARM.attributes
                0x00000377       0x2e /usr/lib/gcc/arm-none-eabi/13.2.1/../../../arm-none-eabi/lib/thumb/v7e-m/nofp/libc.a(libc_a-__call_atexit.o)
 .ARM.attributes
                0x000003a5       0x2e /usr/lib/gcc/arm-none-eabi/13.2.1/../../../arm-none-eabi/lib/thumb/v7e-m/nofp/libc.a(libc_a-__atexit.o)
 .ARM.attributes
                0x000003d3       0x2e /usr/lib/gcc/arm-none-eabi/13.2.1/thumb/v7e-m/nofp/crtend.o
 .ARM.attributes
                0x00000401       0x1e /usr/lib/gcc/arm-none-eabi/13.2.1/thumb/v7e-m/nofp/crtn.o
OUTPUT(hello_world.elf elf32-littlearm)
LOAD linker stubs
LOAD /usr/lib/gcc/arm-none-eabi/13.2.1/../../../arm-none-eabi/lib/thumb/v7e-m/nofp/libc.a
LOAD /usr/lib/gcc/arm-none-eabi/13.2.1/../../../arm-none-eabi/lib/thumb/v7e-m/nofp/libm.a
LOAD /usr/lib/gcc/arm-none-eabi/13.2.1/thumb/v7e-m/nofp/libgcc.a

.comment        0x00000000       0x26
 .comment       0x00000000       0x26 /usr/lib/gcc/arm-none-eabi/13.2.1/thumb/v7e-m/nofp/crtbegin.o
                                 0x27 (size before relaxing)
 .comment       0x00000026       0x27 Core/Src/main.o
 .comment       0x00000026       0x27 Core/Src/system_stm32wlxx.o
 .comment       0x00000026       0x27 Core/Src/stm32wlxx_hal_msp.o
 .comment       0x00000026       0x27 /workspaces/LoRaWan-E5-Node/Drivers/STM32WLxx_HAL_Driver/Src/stm32wlxx_hal.o
 .comment       0x00000026       0x27 /workspaces/LoRaWan-E5-Node/Drivers/STM32WLxx_HAL_Driver/Src/stm32wlxx_hal_rcc.o
 .comment       0x00000026       0x27 /workspaces/LoRaWan-E5-Node/Drivers/STM32WLxx_HAL_Driver/Src/stm32wlxx_hal_gpio.o
 .comment       0x00000026       0x27 /workspaces/LoRaWan-E5-Node/Drivers/STM32WLxx_HAL_Driver/Src/stm32wlxx_hal_pwr.o
 .comment       0x00000026       0x27 /workspaces/LoRaWan-E5-Node/Drivers/STM32WLxx_HAL_Driver/Src/stm32wlxx_hal_pwr_ex.o
 .comment       0x00000026       0x27 /workspaces/LoRaWan-E5-Node/Drivers/STM32WLxx_HAL_Driver/Src/stm32wlxx_hal_cortex.o
 .comment       0x00000026       0x27 /workspaces/LoRaWan-E5-Node/Drivers/STM32WLxx_HAL_Driver/Src/stm32wlxx_hal_uart.o
 .comment       0x00000026       0x27 /usr/lib/gcc/arm-none-eabi/13.2.1/thumb/v7e-m/nofp/libgcc.a(_udivmoddi4.o)
 .comment       0x00000026       0x27 /usr/lib/gcc/arm-none-eabi/13.2.1/../../../arm-none-eabi/lib/thumb/v7e-m/nofp/libc.a(libc_a-memset.o)
 .comment       0x00000026       0x27 /usr/lib/gcc/arm-none-eabi/13.2.1/../../../arm-none-eabi/lib/thumb/v7e-m/nofp/libc.a(libc_a-init.o)
 .comment       0x00000026       0x27 /usr/lib/gcc/arm-none-eabi/13.2.1/../../../arm-none-eabi/lib/thumb/v7e-m/nofp/libc.a(libc_a-atexit.o)
 .comment       0x00000026       0x27 /usr/lib/gcc/arm-none-eabi/13.2.1/../../../arm-none-eabi/lib/thumb/v7e-m/nofp/libc.a(libc_a-fini.o)
 .comment       0x00000026       0x27 /usr/lib/gcc/arm-none-eabi/13.2.1/../../../arm-none-eabi/lib/thumb/v7e-m/nofp/libc.a(libc_a-__call_atexit.o)
 .comment       0x00000026       0x27 /usr/lib/gcc/arm-none-eabi/13.2.1/../../../arm-none-eabi/lib/thumb/v7e-m/nofp/libc.a(libc_a-__atexit.o)
 .comment       0x00000026       0x27 /usr/lib/gcc/arm-none-eabi/13.2.1/thumb/v7e-m/nofp/crtend.o

.debug_info     0x00000000     0xbd91
 .debug_info    0x00000000      0xed6 Core/Src/main.o
 .debug_info    0x00000ed6      0x3f9 Core/Src/system_stm32wlxx.o
 .debug_info    0x000012cf      0xb8e Core/Src/stm32wlxx_hal_msp.o
 .debug_info    0x00001e5d      0xe7a /workspaces/LoRaWan-E5-Node/Drivers/STM32WLxx_HAL_Driver/Src/stm32wlxx_hal.o
 .debug_info    0x00002cd7     0x11ee /workspaces/LoRaWan-E5-Node/Drivers/STM32WLxx_HAL_Driver/Src/stm32wlxx_hal_rcc.o
 .debug_info    0x00003ec5      0x5e5 /workspaces/LoRaWan-E5-Node/Drivers/STM32WLxx_HAL_Driver/Src/stm32wlxx_hal_gpio.o
 .debug_info    0x000044aa      0x83f /workspaces/LoRaWan-E5-Node/Drivers/STM32WLxx_HAL_Driver/Src/stm32wlxx_hal_pwr.o
 .debug_info    0x00004ce9      0xcae /workspaces/LoRaWan-E5-Node/Drivers/STM32WLxx_HAL_Driver/Src/stm32wlxx_hal_pwr_ex.o
 .debug_info    0x00005997      0xcb7 /workspaces/LoRaWan-E5-Node/Drivers/STM32WLxx_HAL_Driver/Src/stm32wlxx_hal_cortex.o
 .debug_info    0x0000664e     0x46e5 /workspaces/LoRaWan-E5-Node/Drivers/STM32WLxx_HAL_Driver/Src/stm32wlxx_hal_uart.o
 .debug_info    0x0000ad33       0x24 /usr/lib/gcc/arm-none-eabi/13.2.1/thumb/v7e-m/nofp/libgcc.a(_aeabi_uldivmod.o)
 .debug_info    0x0000ad57      0x6f5 /usr/lib/gcc/arm-none-eabi/13.2.1/thumb/v7e-m/nofp/libgcc.a(_udivmoddi4.o)
 .debug_info    0x0000b44c       0x3c /usr/lib/gcc/arm-none-eabi/13.2.1/thumb/v7e-m/nofp/libgcc.a(_dvmd_tls.o)
 .debug_info    0x0000b488       0x33 /usr/lib/gcc/arm-none-eabi/13.2.1/../../../arm-none-eabi/lib/thumb/v7e-m/nofp/libc.a(libc_a-strlen.o)
 .debug_info    0x0000b4bb      0x135 /usr/lib/gcc/arm-none-eabi/13.2.1/../../../arm-none-eabi/lib/thumb/v7e-m/nofp/libc.a(libc_a-memset.o)
 .debug_info    0x0000b5f0      0x10b /usr/lib/gcc/arm-none-eabi/13.2.1/../../../arm-none-eabi/lib/thumb/v7e-m/nofp/libc.a(libc_a-init.o)
 .debug_info    0x0000b6fb      0x11e /usr/lib/gcc/arm-none-eabi/13.2.1/../../../arm-none-eabi/lib/thumb/v7e-m/nofp/libc.a(libc_a-atexit.o)
 .debug_info    0x0000b819       0xf7 /usr/lib/gcc/arm-none-eabi/13.2.1/../../../arm-none-eabi/lib/thumb/v7e-m/nofp/libc.a(libc_a-fini.o)
 .debug_info    0x0000b910      0x284 /usr/lib/gcc/arm-none-eabi/13.2.1/../../../arm-none-eabi/lib/thumb/v7e-m/nofp/libc.a(libc_a-__call_atexit.o)
 .debug_info    0x0000bb94      0x1fd /usr/lib/gcc/arm-none-eabi/13.2.1/../../../arm-none-eabi/lib/thumb/v7e-m/nofp/libc.a(libc_a-__atexit.o)

.debug_abbrev   0x00000000     0x2113
 .debug_abbrev  0x00000000      0x2a0 Core/Src/main.o
 .debug_abbrev  0x000002a0      0x13e Core/Src/system_stm32wlxx.o
 .debug_abbrev  0x000003de      0x203 Core/Src/stm32wlxx_hal_msp.o
 .debug_abbrev  0x000005e1      0x31a /workspaces/LoRaWan-E5-Node/Drivers/STM32WLxx_HAL_Driver/Src/stm32wlxx_hal.o
 .debug_abbrev  0x000008fb      0x30f /workspaces/LoRaWan-E5-Node/Drivers/STM32WLxx_HAL_Driver/Src/stm32wlxx_hal_rcc.o
 .debug_abbrev  0x00000c0a      0x1e7 /workspaces/LoRaWan-E5-Node/Drivers/STM32WLxx_HAL_Driver/Src/stm32wlxx_hal_gpio.o
 .debug_abbrev  0x00000df1      0x209 /workspaces/LoRaWan-E5-Node/Drivers/STM32WLxx_HAL_Driver/Src/stm32wlxx_hal_pwr.o
 .debug_abbrev  0x00000ffa      0x2d3 /workspaces/LoRaWan-E5-Node/Drivers/STM32WLxx_HAL_Driver/Src/stm32wlxx_hal_pwr_ex.o
 .debug_abbrev  0x000012cd      0x2e8 /workspaces/LoRaWan-E5-Node/Drivers/STM32WLxx_HAL_Driver/Src/stm32wlxx_hal_cortex.o
 .debug_abbrev  0x000015b5      0x351 /workspaces/LoRaWan-E5-Node/Drivers/STM32WLxx_HAL_Driver/Src/stm32wlxx_hal_uart.o
 .debug_abbrev  0x00001906       0x14 /usr/lib/gcc/arm-none-eabi/13.2.1/thumb/v7e-m/nofp/libgcc.a(_aeabi_uldivmod.o)
 .debug_abbrev  0x0000191a      0x16a /usr/lib/gcc/arm-none-eabi/13.2.1/thumb/v7e-m/nofp/libgcc.a(_udivmoddi4.o)
 .debug_abbrev  0x00001a84       0x26 /usr/lib/gcc/arm-none-eabi/13.2.1/thumb/v7e-m/nofp/libgcc.a(_dvmd_tls.o)
 .debug_abbrev  0x00001aaa       0x28 /usr/lib/gcc/arm-none-eabi/13.2.1/../../../arm-none-eabi/lib/thumb/v7e-m/nofp/libc.a(libc_a-strlen.o)
 .debug_abbrev  0x00001ad2       0xb7 /usr/lib/gcc/arm-none-eabi/13.2.1/../../../arm-none-eabi/lib/thumb/v7e-m/nofp/libc.a(libc_a-memset.o)
 .debug_abbrev  0x00001b89       0xc9 /usr/lib/gcc/arm-none-eabi/13.2.1/../../../arm-none-eabi/lib/thumb/v7e-m/nofp/libc.a(libc_a-init.o)
 .debug_abbrev  0x00001c52       0xc1 /usr/lib/gcc/arm-none-eabi/13.2.1/../../../arm-none-eabi/lib/thumb/v7e-m/nofp/libc.a(libc_a-atexit.o)
 .debug_abbrev  0x00001d13       0xcc /usr/lib/gcc/arm-none-eabi/13.2.1/../../../arm-none-eabi/lib/thumb/v7e-m/nofp/libc.a(libc_a-fini.o)
 .debug_abbrev  0x00001ddf      0x1dd /usr/lib/gcc/arm-none-eabi/13.2.1/../../../arm-none-eabi/lib/thumb/v7e-m/nofp/libc.a(libc_a-__call_atexit.o)
 .debug_abbrev  0x00001fbc      0x157 /usr/lib/gcc/arm-none-eabi/13.2.1/../../../arm-none-eabi/lib/thumb/v7e-m/nofp/libc.a(libc_a-__atexit.o)

.debug_aranges  0x00000000      0xc90
 .debug_aranges
                0x00000000       0x40 Core/Src/main.o
 .debug_aranges
                0x00000040       0x28 Core/Src/system_stm32wlxx.o
 .debug_aranges
                0x00000068       0x38 Core/Src/stm32wlxx_hal_msp.o
 .debug_aranges
                0x000000a0      0x210 /workspaces/LoRaWan-E5-Node/Drivers/STM32WLxx_HAL_Driver/Src/stm32wlxx_hal.o
 .debug_aranges
                0x000002b0      0x238 /workspaces/LoRaWan-E5-Node/Drivers/STM32WLxx_HAL_Driver/Src/stm32wlxx_hal_rcc.o
 .debug_aranges
                0x000004e8       0x58 /workspaces/LoRaWan-E5-Node/Drivers/STM32WLxx_HAL_Driver/Src/stm32wlxx_hal_gpio.o
 .debug_aranges
                0x00000540       0xc8 /workspaces/LoRaWan-E5-Node/Drivers/STM32WLxx_HAL_Driver/Src/stm32wlxx_hal_pwr.o
 .debug_aranges
                0x00000608      0x1d0 /workspaces/LoRaWan-E5-Node/Drivers/STM32WLxx_HAL_Driver/Src/stm32wlxx_hal_pwr_ex.o
 .debug_aranges
                0x000007d8      0x118 /workspaces/LoRaWan-E5-Node/Drivers/STM32WLxx_HAL_Driver/Src/stm32wlxx_hal_cortex.o
 .debug_aranges
                0x000008f0      0x258 /workspaces/LoRaWan-E5-Node/Drivers/STM32WLxx_HAL_Driver/Src/stm32wlxx_hal_uart.o
 .debug_aranges
                0x00000b48       0x20 /usr/lib/gcc/arm-none-eabi/13.2.1/thumb/v7e-m/nofp/libgcc.a(_aeabi_uldivmod.o)
 .debug_aranges
                0x00000b68       0x20 /usr/lib/gcc/arm-none-eabi/13.2.1/thumb/v7e-m/nofp/libgcc.a(_udivmoddi4.o)
 .debug_aranges
                0x00000b88       0x20 /usr/lib/gcc/arm-none-eabi/13.2.1/thumb/v7e-m/nofp/libgcc.a(_dvmd_tls.o)
 .debug_aranges
                0x00000ba8       0x20 /usr/lib/gcc/arm-none-eabi/13.2.1/../../../arm-none-eabi/lib/thumb/v7e-m/nofp/libc.a(libc_a-strlen.o)
 .debug_aranges
                0x00000bc8       0x20 /usr/lib/gcc/arm-none-eabi/13.2.1/../../../arm-none-eabi/lib/thumb/v7e-m/nofp/libc.a(libc_a-memset.o)
 .debug_aranges
                0x00000be8       0x20 /usr/lib/gcc/arm-none-eabi/13.2.1/../../../arm-none-eabi/lib/thumb/v7e-m/nofp/libc.a(libc_a-init.o)
 .debug_aranges
                0x00000c08       0x20 /usr/lib/gcc/arm-none-eabi/13.2.1/../../../arm-none-eabi/lib/thumb/v7e-m/nofp/libc.a(libc_a-atexit.o)
 .debug_aranges
                0x00000c28       0x20 /usr/lib/gcc/arm-none-eabi/13.2.1/../../../arm-none-eabi/lib/thumb/v7e-m/nofp/libc.a(libc_a-fini.o)
 .debug_aranges
                0x00000c48       0x28 /usr/lib/gcc/arm-none-eabi/13.2.1/../../../arm-none-eabi/lib/thumb/v7e-m/nofp/libc.a(libc_a-__call_atexit.o)
 .debug_aranges
                0x00000c70       0x20 /usr/lib/gcc/arm-none-eabi/13.2.1/../../../arm-none-eabi/lib/thumb/v7e-m/nofp/libc.a(libc_a-__atexit.o)

.debug_rnglists
                0x00000000      0x95a
 .debug_rnglists
                0x00000000       0x2c Core/Src/main.o
 .debug_rnglists
                0x0000002c       0x1a Core/Src/system_stm32wlxx.o
 .debug_rnglists
                0x00000046       0x25 Core/Src/stm32wlxx_hal_msp.o
 .debug_rnglists
                0x0000006b      0x187 /workspaces/LoRaWan-E5-Node/Drivers/STM32WLxx_HAL_Driver/Src/stm32wlxx_hal.o
 .debug_rnglists
                0x000001f2      0x1ab /workspaces/LoRaWan-E5-Node/Drivers/STM32WLxx_HAL_Driver/Src/stm32wlxx_hal_rcc.o
 .debug_rnglists
                0x0000039d       0x3f /workspaces/LoRaWan-E5-Node/Drivers/STM32WLxx_HAL_Driver/Src/stm32wlxx_hal_gpio.o
 .debug_rnglists
                0x000003dc       0x91 /workspaces/LoRaWan-E5-Node/Drivers/STM32WLxx_HAL_Driver/Src/stm32wlxx_hal_pwr.o
 .debug_rnglists
                0x0000046d      0x15c /workspaces/LoRaWan-E5-Node/Drivers/STM32WLxx_HAL_Driver/Src/stm32wlxx_hal_pwr_ex.o
 .debug_rnglists
                0x000005c9       0xce /workspaces/LoRaWan-E5-Node/Drivers/STM32WLxx_HAL_Driver/Src/stm32wlxx_hal_cortex.o
 .debug_rnglists
                0x00000697      0x205 /workspaces/LoRaWan-E5-Node/Drivers/STM32WLxx_HAL_Driver/Src/stm32wlxx_hal_uart.o
 .debug_rnglists
                0x0000089c       0x84 /usr/lib/gcc/arm-none-eabi/13.2.1/thumb/v7e-m/nofp/libgcc.a(_udivmoddi4.o)
 .debug_rnglists
                0x00000920       0x3a /usr/lib/gcc/arm-none-eabi/13.2.1/../../../arm-none-eabi/lib/thumb/v7e-m/nofp/libc.a(libc_a-__call_atexit.o)

.debug_macro    0x00000000    0x1a537
 .debug_macro   0x00000000      0x309 Core/Src/main.o
 .debug_macro   0x00000309      0xac6 Core/Src/main.o
 .debug_macro   0x00000dcf      0x130 Core/Src/main.o
 .debug_macro   0x00000eff       0x2e Core/Src/main.o
 .debug_macro   0x00000f2d       0x34 Core/Src/main.o
 .debug_macro   0x00000f61      0x34e Core/Src/main.o
 .debug_macro   0x000012af       0x1c Core/Src/main.o
 .debug_macro   0x000012cb       0x22 Core/Src/main.o
 .debug_macro   0x000012ed       0xfb Core/Src/main.o
 .debug_macro   0x000013e8     0x1011 Core/Src/main.o
 .debug_macro   0x000023f9      0x11f Core/Src/main.o
 .debug_macro   0x00002518     0xcc1c Core/Src/main.o
 .debug_macro   0x0000f134       0x6d Core/Src/main.o
 .debug_macro   0x0000f1a1     0x33f7 Core/Src/main.o
 .debug_macro   0x00012598      0x190 Core/Src/main.o
 .debug_macro   0x00012728       0x5c Core/Src/main.o
 .debug_macro   0x00012784      0x417 Core/Src/main.o
 .debug_macro   0x00012b9b      0x280 Core/Src/main.o
 .debug_macro   0x00012e1b      0x330 Core/Src/main.o
 .debug_macro   0x0001314b      0x197 Core/Src/main.o
 .debug_macro   0x000132e2       0x43 Core/Src/main.o
 .debug_macro   0x00013325      0x894 Core/Src/main.o
 .debug_macro   0x00013bb9      0x5bb Core/Src/main.o
 .debug_macro   0x00014174       0x2e Core/Src/main.o
 .debug_macro   0x000141a2      0x23d Core/Src/main.o
 .debug_macro   0x000143df      0x22b Core/Src/main.o
 .debug_macro   0x0001460a      0x352 Core/Src/main.o
 .debug_macro   0x0001495c       0x2e Core/Src/main.o
 .debug_macro   0x0001498a       0xc1 Core/Src/main.o
 .debug_macro   0x00014a4b      0x1b4 Core/Src/main.o
 .debug_macro   0x00014bff       0xe7 Core/Src/main.o
 .debug_macro   0x00014ce6      0x25f Core/Src/main.o
 .debug_macro   0x00014f45      0x133 Core/Src/main.o
 .debug_macro   0x00015078      0x33f Core/Src/main.o
 .debug_macro   0x000153b7      0x67c Core/Src/main.o
 .debug_macro   0x00015a33      0x113 Core/Src/main.o
 .debug_macro   0x00015b46      0xf67 Core/Src/main.o
 .debug_macro   0x00016aad      0x115 Core/Src/main.o
 .debug_macro   0x00016bc2      0x2db Core/Src/main.o
 .debug_macro   0x00016e9d      0x328 Core/Src/main.o
 .debug_macro   0x000171c5      0x67a Core/Src/main.o
 .debug_macro   0x0001783f       0xeb Core/Src/main.o
 .debug_macro   0x0001792a      0x289 Core/Src/main.o
 .debug_macro   0x00017bb3       0xc8 Core/Src/main.o
 .debug_macro   0x00017c7b      0x67e Core/Src/main.o
 .debug_macro   0x000182f9       0xa6 Core/Src/main.o
 .debug_macro   0x0001839f      0x269 Core/Src/main.o
 .debug_macro   0x00018608      0x27d Core/Src/main.o
 .debug_macro   0x00018885       0x6a Core/Src/main.o
 .debug_macro   0x000188ef       0x22 Core/Src/main.o
 .debug_macro   0x00018911       0x60 Core/Src/main.o
 .debug_macro   0x00018971       0x24 Core/Src/main.o
 .debug_macro   0x00018995       0x94 Core/Src/main.o
 .debug_macro   0x00018a29       0x3c Core/Src/main.o
 .debug_macro   0x00018a65       0x34 Core/Src/main.o
 .debug_macro   0x00018a99       0x57 Core/Src/main.o
 .debug_macro   0x00018af0      0x370 Core/Src/main.o
 .debug_macro   0x00018e60       0x16 Core/Src/main.o
 .debug_macro   0x00018e76       0x4a Core/Src/main.o
 .debug_macro   0x00018ec0       0x34 Core/Src/main.o
 .debug_macro   0x00018ef4       0x10 Core/Src/main.o
 .debug_macro   0x00018f04       0x52 Core/Src/main.o
 .debug_macro   0x00018f56      0x1de Core/Src/main.o
 .debug_macro   0x00019134       0x10 Core/Src/main.o
 .debug_macro   0x00019144       0x3c Core/Src/main.o
 .debug_macro   0x00019180      0x211 Core/Src/system_stm32wlxx.o
 .debug_macro   0x00019391      0x220 Core/Src/stm32wlxx_hal_msp.o
 .debug_macro   0x000195b1      0x235 /workspaces/LoRaWan-E5-Node/Drivers/STM32WLxx_HAL_Driver/Src/stm32wlxx_hal.o
 .debug_macro   0x000197e6      0x26b /workspaces/LoRaWan-E5-Node/Drivers/STM32WLxx_HAL_Driver/Src/stm32wlxx_hal_rcc.o
 .debug_macro   0x00019a51      0x217 /workspaces/LoRaWan-E5-Node/Drivers/STM32WLxx_HAL_Driver/Src/stm32wlxx_hal_gpio.o
 .debug_macro   0x00019c68      0x25f /workspaces/LoRaWan-E5-Node/Drivers/STM32WLxx_HAL_Driver/Src/stm32wlxx_hal_pwr.o
 .debug_macro   0x00019ec7      0x223 /workspaces/LoRaWan-E5-Node/Drivers/STM32WLxx_HAL_Driver/Src/stm32wlxx_hal_pwr_ex.o
 .debug_macro   0x0001a0ea      0x211 /workspaces/LoRaWan-E5-Node/Drivers/STM32WLxx_HAL_Driver/Src/stm32wlxx_hal_cortex.o
 .debug_macro   0x0001a2fb      0x23c /workspaces/LoRaWan-E5-Node/Drivers/STM32WLxx_HAL_Driver/Src/stm32wlxx_hal_uart.o

.debug_line     0x00000000     0x9f36
 .debug_line    0x00000000      0x72b Core/Src/main.o
 .debug_line    0x0000072b      0x5c3 Core/Src/system_stm32wlxx.o
 .debug_line    0x00000cee      0x5a2 Core/Src/stm32wlxx_hal_msp.o
 .debug_line    0x00001290      0xc4c /workspaces/LoRaWan-E5-Node/Drivers/STM32WLxx_HAL_Driver/Src/stm32wlxx_hal.o
 .debug_line    0x00001edc     0x1751 /workspaces/LoRaWan-E5-Node/Drivers/STM32WLxx_HAL_Driver/Src/stm32wlxx_hal_rcc.o
 .debug_line    0x0000362d      0x924 /workspaces/LoRaWan-E5-Node/Drivers/STM32WLxx_HAL_Driver/Src/stm32wlxx_hal_gpio.o
 .debug_line    0x00003f51      0x7c8 /workspaces/LoRaWan-E5-Node/Drivers/STM32WLxx_HAL_Driver/Src/stm32wlxx_hal_pwr.o
 .debug_line    0x00004719      0xbea /workspaces/LoRaWan-E5-Node/Drivers/STM32WLxx_HAL_Driver/Src/stm32wlxx_hal_pwr_ex.o
 .debug_line    0x00005303      0xabf /workspaces/LoRaWan-E5-Node/Drivers/STM32WLxx_HAL_Driver/Src/stm32wlxx_hal_cortex.o
 .debug_line    0x00005dc2     0x32ab /workspaces/LoRaWan-E5-Node/Drivers/STM32WLxx_HAL_Driver/Src/stm32wlxx_hal_uart.o
 .debug_line    0x0000906d       0x4e /usr/lib/gcc/arm-none-eabi/13.2.1/thumb/v7e-m/nofp/libgcc.a(_aeabi_uldivmod.o)
 .debug_line    0x000090bb      0x574 /usr/lib/gcc/arm-none-eabi/13.2.1/thumb/v7e-m/nofp/libgcc.a(_udivmoddi4.o)
 .debug_line    0x0000962f       0x4a /usr/lib/gcc/arm-none-eabi/13.2.1/thumb/v7e-m/nofp/libgcc.a(_dvmd_tls.o)
 .debug_line    0x00009679       0x86 /usr/lib/gcc/arm-none-eabi/13.2.1/../../../arm-none-eabi/lib/thumb/v7e-m/nofp/libc.a(libc_a-strlen.o)
 .debug_line    0x000096ff      0x1b6 /usr/lib/gcc/arm-none-eabi/13.2.1/../../../arm-none-eabi/lib/thumb/v7e-m/nofp/libc.a(libc_a-memset.o)
 .debug_line    0x000098b5      0x11e /usr/lib/gcc/arm-none-eabi/13.2.1/../../../arm-none-eabi/lib/thumb/v7e-m/nofp/libc.a(libc_a-init.o)
 .debug_line    0x000099d3       0xc3 /usr/lib/gcc/arm-none-eabi/13.2.1/../../../arm-none-eabi/lib/thumb/v7e-m/nofp/libc.a(libc_a-atexit.o)
 .debug_line    0x00009a96       0xd2 /usr/lib/gcc/arm-none-eabi/13.2.1/../../../arm-none-eabi/lib/thumb/v7e-m/nofp/libc.a(libc_a-fini.o)
 .debug_line    0x00009b68      0x27f /usr/lib/gcc/arm-none-eabi/13.2.1/../../../arm-none-eabi/lib/thumb/v7e-m/nofp/libc.a(libc_a-__call_atexit.o)
 .debug_line    0x00009de7      0x14f /usr/lib/gcc/arm-none-eabi/13.2.1/../../../arm-none-eabi/lib/thumb/v7e-m/nofp/libc.a(libc_a-__atexit.o)

.debug_str      0x00000000    0xac78b
 .debug_str     0x00000000    0xac78b Core/Src/main.o
                              0xa9334 (size before relaxing)
 .debug_str     0x000ac78b    0xa5cec Core/Src/system_stm32wlxx.o
 .debug_str     0x000ac78b    0xa642d Core/Src/stm32wlxx_hal_msp.o
 .debug_str     0x000ac78b    0xa69ba /workspaces/LoRaWan-E5-Node/Drivers/STM32WLxx_HAL_Driver/Src/stm32wlxx_hal.o
 .debug_str     0x000ac78b    0xa6934 /workspaces/LoRaWan-E5-Node/Drivers/STM32WLxx_HAL_Driver/Src/stm32wlxx_hal_rcc.o
 .debug_str     0x000ac78b    0xa5db4 /workspaces/LoRaWan-E5-Node/Drivers/STM32WLxx_HAL_Driver/Src/stm32wlxx_hal_gpio.o
 .debug_str     0x000ac78b    0xa615f /workspaces/LoRaWan-E5-Node/Drivers/STM32WLxx_HAL_Driver/Src/stm32wlxx_hal_pwr.o
 .debug_str     0x000ac78b    0xa64ac /workspaces/LoRaWan-E5-Node/Drivers/STM32WLxx_HAL_Driver/Src/stm32wlxx_hal_pwr_ex.o
 .debug_str     0x000ac78b    0xa646e /workspaces/LoRaWan-E5-Node/Drivers/STM32WLxx_HAL_Driver/Src/stm32wlxx_hal_cortex.o
 .debug_str     0x000ac78b    0xa6d08 /workspaces/LoRaWan-E5-Node/Drivers/STM32WLxx_HAL_Driver/Src/stm32wlxx_hal_uart.o
 .debug_str     0x000ac78b       0xa0 /usr/lib/gcc/arm-none-eabi/13.2.1/thumb/v7e-m/nofp/libgcc.a(_aeabi_uldivmod.o)
 .debug_str     0x000ac78b      0x67f /usr/lib/gcc/arm-none-eabi/13.2.1/thumb/v7e-m/nofp/libgcc.a(_udivmoddi4.o)
 .debug_str     0x000ac78b       0xc0 /usr/lib/gcc/arm-none-eabi/13.2.1/thumb/v7e-m/nofp/libgcc.a(_dvmd_tls.o)
 .debug_str     0x000ac78b       0xa3 /usr/lib/gcc/arm-none-eabi/13.2.1/../../../arm-none-eabi/lib/thumb/v7e-m/nofp/libc.a(libc_a-strlen.o)
 .debug_str     0x000ac78b      0x1a2 /usr/lib/gcc/arm-none-eabi/13.2.1/../../../arm-none-eabi/lib/thumb/v7e-m/nofp/libc.a(libc_a-memset.o)
 .debug_str     0x000ac78b      0x1ef /usr/lib/gcc/arm-none-eabi/13.2.1/../../../arm-none-eabi/lib/thumb/v7e-m/nofp/libc.a(libc_a-init.o)
 .debug_str     0x000ac78b      0x1cb /usr/lib/gcc/arm-none-eabi/13.2.1/../../../arm-none-eabi/lib/thumb/v7e-m/nofp/libc.a(libc_a-atexit.o)
 .debug_str     0x000ac78b      0x1c5 /usr/lib/gcc/arm-none-eabi/13.2.1/../../../arm-none-eabi/lib/thumb/v7e-m/nofp/libc.a(libc_a-fini.o)
 .debug_str     0x000ac78b      0x258 /usr/lib/gcc/arm-none-eabi/13.2.1/../../../arm-none-eabi/lib/thumb/v7e-m/nofp/libc.a(libc_a-__call_atexit.o)
 .debug_str     0x000ac78b      0x236 /usr/lib/gcc/arm-none-eabi/13.2.1/../../../arm-none-eabi/lib/thumb/v7e-m/nofp/libc.a(libc_a-__atexit.o)

.debug_frame    0x00000000     0x3068
 .debug_frame   0x00000000       0xb4 Core/Src/main.o
 .debug_frame   0x000000b4       0x58 Core/Src/system_stm32wlxx.o
 .debug_frame   0x0000010c       0xa4 Core/Src/stm32wlxx_hal_msp.o
 .debug_frame   0x000001b0      0x860 /workspaces/LoRaWan-E5-Node/Drivers/STM32WLxx_HAL_Driver/Src/stm32wlxx_hal.o
 .debug_frame   0x00000a10      0x914 /workspaces/LoRaWan-E5-Node/Drivers/STM32WLxx_HAL_Driver/Src/stm32wlxx_hal_rcc.o
 .debug_frame   0x00001324      0x14c /workspaces/LoRaWan-E5-Node/Drivers/STM32WLxx_HAL_Driver/Src/stm32wlxx_hal_gpio.o
 .debug_frame   0x00001470      0x31c /workspaces/LoRaWan-E5-Node/Drivers/STM32WLxx_HAL_Driver/Src/stm32wlxx_hal_pwr.o
 .debug_frame   0x0000178c      0x7cc /workspaces/LoRaWan-E5-Node/Drivers/STM32WLxx_HAL_Driver/Src/stm32wlxx_hal_pwr_ex.o
 .debug_frame   0x00001f58      0x498 /workspaces/LoRaWan-E5-Node/Drivers/STM32WLxx_HAL_Driver/Src/stm32wlxx_hal_cortex.o
 .debug_frame   0x000023f0      0xae4 /workspaces/LoRaWan-E5-Node/Drivers/STM32WLxx_HAL_Driver/Src/stm32wlxx_hal_uart.o
 .debug_frame   0x00002ed4       0x2c /usr/lib/gcc/arm-none-eabi/13.2.1/thumb/v7e-m/nofp/libgcc.a(_aeabi_uldivmod.o)
 .debug_frame   0x00002f00       0x34 /usr/lib/gcc/arm-none-eabi/13.2.1/thumb/v7e-m/nofp/libgcc.a(_udivmoddi4.o)
 .debug_frame   0x00002f34       0x2c /usr/lib/gcc/arm-none-eabi/13.2.1/../../../arm-none-eabi/lib/thumb/v7e-m/nofp/libc.a(libc_a-memset.o)
 .debug_frame   0x00002f60       0x2c /usr/lib/gcc/arm-none-eabi/13.2.1/../../../arm-none-eabi/lib/thumb/v7e-m/nofp/libc.a(libc_a-init.o)
 .debug_frame   0x00002f8c       0x20 /usr/lib/gcc/arm-none-eabi/13.2.1/../../../arm-none-eabi/lib/thumb/v7e-m/nofp/libc.a(libc_a-atexit.o)
 .debug_frame   0x00002fac       0x34 /usr/lib/gcc/arm-none-eabi/13.2.1/../../../arm-none-eabi/lib/thumb/v7e-m/nofp/libc.a(libc_a-fini.o)
 .debug_frame   0x00002fe0       0x54 /usr/lib/gcc/arm-none-eabi/13.2.1/../../../arm-none-eabi/lib/thumb/v7e-m/nofp/libc.a(libc_a-__call_atexit.o)
 .debug_frame   0x00003034       0x34 /usr/lib/gcc/arm-none-eabi/13.2.1/../../../arm-none-eabi/lib/thumb/v7e-m/nofp/libc.a(libc_a-__atexit.o)

.debug_line_str
                0x00000000      0x130
 .debug_line_str
                0x00000000      0x130 /usr/lib/gcc/arm-none-eabi/13.2.1/thumb/v7e-m/nofp/libgcc.a(_aeabi_uldivmod.o)
                                 0x94 (size before relaxing)
 .debug_line_str
                0x00000130       0x98 /usr/lib/gcc/arm-none-eabi/13.2.1/thumb/v7e-m/nofp/libgcc.a(_dvmd_tls.o)
 .debug_line_str
                0x00000130       0x90 /usr/lib/gcc/arm-none-eabi/13.2.1/../../../arm-none-eabi/lib/thumb/v7e-m/nofp/libc.a(libc_a-strlen.o)

.debug_loclists
                0x00000000      0xe60
 .debug_loclists
                0x00000000      0x9e4 /usr/lib/gcc/arm-none-eabi/13.2.1/thumb/v7e-m/nofp/libgcc.a(_udivmoddi4.o)
 .debug_loclists
                0x000009e4      0x1c2 /usr/lib/gcc/arm-none-eabi/13.2.1/../../../arm-none-eabi/lib/thumb/v7e-m/nofp/libc.a(libc_a-memset.o)
 .debug_loclists
                0x00000ba6       0x65 /usr/lib/gcc/arm-none-eabi/13.2.1/../../../arm-none-eabi/lib/thumb/v7e-m/nofp/libc.a(libc_a-init.o)
 .debug_loclists
                0x00000c0b       0x2b /usr/lib/gcc/arm-none-eabi/13.2.1/../../../arm-none-eabi/lib/thumb/v7e-m/nofp/libc.a(libc_a-atexit.o)
 .debug_loclists
                0x00000c36       0x42 /usr/lib/gcc/arm-none-eabi/13.2.1/../../../arm-none-eabi/lib/thumb/v7e-m/nofp/libc.a(libc_a-fini.o)
 .debug_loclists
                0x00000c78      0x102 /usr/lib/gcc/arm-none-eabi/13.2.1/../../../arm-none-eabi/lib/thumb/v7e-m/nofp/libc.a(libc_a-__call_atexit.o)
 .debug_loclists
                0x00000d7a       0xe6 /usr/lib/gcc/arm-none-eabi/13.2.1/../../../arm-none-eabi/lib/thumb/v7e-m/nofp/libc.a(libc_a-__atexit.o)
