LoRaWAN/App/lora_app.c:258:6:LoRaWAN_Init	24	static
LoRaWAN/App/lora_app.c:338:6:HAL_GPIO_EXTI_Callback	24	static
LoRaWAN/App/lora_app.c:379:13:OnRxData	48	static
LoRaWAN/App/lora_app.c:445:13:SendTxData	104	static
LoRaWAN/App/lora_app.c:570:13:OnTxTimerEvent	16	static
LoRaWAN/App/lora_app.c:585:13:OnTxTimerLedEvent	16	static
LoRaWAN/App/lora_app.c:590:13:OnRxTimerLedEvent	16	static
LoRaWAN/App/lora_app.c:595:13:OnJoinTimerLedEvent	16	static
LoRaWAN/App/lora_app.c:600:13:OnButtonLongPressTimer	16	static
LoRaWAN/App/lora_app.c:610:13:OnTestLedBlinkTimer	16	static
LoRaWAN/App/lora_app.c:629:13:StartTestLedBlinkSequence	16	static
LoRaWAN/App/lora_app.c:643:13:OnTxData	32	static
LoRaWAN/App/lora_app.c:672:13:OnJoinRequest	16	static
LoRaWAN/App/lora_app.c:700:13:OnMacProcessNotify	8	static
