/workspaces/LoRaWan-E5-Node/Drivers/STM32WLxx_HAL_Driver/Inc/stm32wlxx_ll_rcc.h:1258:22:LL_RCC_LSE_SetDriveCapability	16	static
/workspaces/LoRaWan-E5-Node/Drivers/STM32WLxx_HAL_Driver/Inc/stm32wlxx_ll_bus.h:449:22:LL_AHB2_GRP1_EnableClock	24	static
Core/Src/main.c:58:9:CheckWaterLeak	16	static
Core/Src/main.c:84:6:UpdatePulseCounter	16	static
Core/Src/main.c:99:6:SendLoraMessage	40	static
Core/Src/main.c:143:5:main	8	static
Core/Src/main.c:217:6:HAL_RTCEx_WakeUpTimerEventCallback	16	static
Core/Src/main.c:225:6:SystemClock_Config	112	static
Core/Src/main.c:271:13:MX_GPIO_Init	32	static
Core/Src/main.c:305:6:MX_RTC_Init	8	static
Core/Src/main.c:339:13:MX_LPTIM1_Init	8	static
Core/Src/main.c:371:6:MX_ADC_Init	24	static
Core/Src/main.c:414:6:Error_Handler	4	static
