/workspaces/LoRaWan-E5-Node/Drivers/STM32WLxx_HAL_Driver/Inc/stm32wlxx_ll_rcc.h:1258:22:LL_RCC_LSE_SetDriveCapability	16	static
/workspaces/LoRaWan-E5-Node/Drivers/STM32WLxx_HAL_Driver/Inc/stm32wlxx_ll_bus.h:449:22:LL_AHB2_GRP1_EnableClock	24	static
Core/Src/main.c:60:9:CheckWaterLeak	16	static
Core/Src/main.c:86:6:UpdatePulseCounter	16	static
Core/Src/main.c:101:6:SendLoraMessage	40	static
Core/Src/main.c:145:5:main	24	static
Core/Src/main.c:227:6:HAL_RTCEx_WakeUpTimerEventCallback	16	static
Core/Src/main.c:235:6:SystemClock_Config	112	static
Core/Src/main.c:281:13:MX_GPIO_Init	32	static
Core/Src/main.c:315:6:MX_RTC_Init	8	static
Core/Src/main.c:349:13:MX_LPTIM1_Init	8	static
Core/Src/main.c:381:6:MX_ADC_Init	24	static
Core/Src/main.c:424:6:Error_Handler	4	static
